2025-12-15 10:35:45 [main] INFO  com.book.BookManagementApplication - Starting BookManagementApplication using Java 1.8.0_231 on LAPTOP-RDC819V7 with PID 16124 (K:\9_ws\10_haha\book-management-system\target\classes started by wp in K:\9_ws\10_haha\book-management-system)
2025-12-15 10:35:45 [main] INFO  com.book.BookManagementApplication - The following 1 profile is active: "dev"
2025-12-15 10:35:48 [main] WARN  org.mybatis.spring.mapper.ClassPathMapperScanner - Skipping MapperFactoryBean with name 'bookMapper' and 'com.book.mapper.BookMapper' mapperInterface. Bean already defined with the same name!
2025-12-15 10:35:48 [main] WARN  org.mybatis.spring.mapper.ClassPathMapperScanner - Skipping MapperFactoryBean with name 'operationLogMapper' and 'com.book.mapper.OperationLogMapper' mapperInterface. Bean already defined with the same name!
2025-12-15 10:35:48 [main] WARN  org.mybatis.spring.mapper.ClassPathMapperScanner - Skipping MapperFactoryBean with name 'roleMapper' and 'com.book.mapper.RoleMapper' mapperInterface. Bean already defined with the same name!
2025-12-15 10:35:48 [main] WARN  org.mybatis.spring.mapper.ClassPathMapperScanner - Skipping MapperFactoryBean with name 'userMapper' and 'com.book.mapper.UserMapper' mapperInterface. Bean already defined with the same name!
2025-12-15 10:35:48 [main] WARN  org.mybatis.spring.mapper.ClassPathMapperScanner - No MyBatis mapper was found in '[com.book.mapper]' package. Please check your configuration.
2025-12-15 10:35:50 [main] INFO  o.s.boot.web.embedded.tomcat.TomcatWebServer - Tomcat initialized with port(s): 8080 (http)
2025-12-15 10:35:50 [main] INFO  org.apache.catalina.core.StandardService - Starting service [Tomcat]
2025-12-15 10:35:50 [main] INFO  org.apache.catalina.core.StandardEngine - Starting Servlet engine: [Apache Tomcat/9.0.83]
2025-12-15 10:35:50 [main] INFO  o.a.c.core.ContainerBase.[Tomcat].[localhost].[/] - Initializing Spring embedded WebApplicationContext
2025-12-15 10:35:50 [main] INFO  o.s.b.w.s.c.ServletWebServerApplicationContext - Root WebApplicationContext: initialization completed in 4769 ms
2025-12-15 10:35:50 [main] ERROR o.s.boot.web.embedded.tomcat.TomcatStarter - Error starting Tomcat context. Exception: org.springframework.beans.factory.BeanCreationException. Message: Error creating bean with name 'h2Console' defined in class path resource [org/springframework/boot/autoconfigure/h2/H2ConsoleAutoConfiguration.class]: Bean instantiation via factory method failed; nested exception is org.springframework.beans.BeanInstantiationException: Failed to instantiate [org.springframework.boot.web.servlet.ServletRegistrationBean]: Factory method 'h2Console' threw exception; nested exception is org.springframework.boot.context.properties.ConfigurationPropertiesBindException: Error creating bean with name 'druidDataSource': Could not bind properties to 'DataSource' : prefix=spring.datasource.druid, ignoreInvalidFields=false, ignoreUnknownFields=true; nested exception is org.springframework.boot.context.properties.bind.BindException: Failed to bind properties under 'spring.datasource.druid' to javax.sql.DataSource
2025-12-15 10:35:50 [main] INFO  org.apache.catalina.core.StandardService - Stopping service [Tomcat]
2025-12-15 10:35:50 [main] WARN  o.s.b.w.s.c.AnnotationConfigServletWebServerApplicationContext - Exception encountered during context initialization - cancelling refresh attempt: org.springframework.context.ApplicationContextException: Unable to start web server; nested exception is org.springframework.boot.web.server.WebServerException: Unable to start embedded Tomcat
2025-12-15 10:35:50 [main] INFO  o.s.b.a.l.ConditionEvaluationReportLoggingListener - 

Error starting ApplicationContext. To display the conditions report re-run your application with 'debug' enabled.
2025-12-15 10:35:50 [main] ERROR o.s.b.diagnostics.LoggingFailureAnalysisReporter - 

***************************
APPLICATION FAILED TO START
***************************

Description:

Failed to bind properties under 'spring.datasource.druid' to javax.sql.DataSource:

    Property: spring.datasource.druid.filters
    Value: "stat,wall,log4j"
    Origin: class path resource [application.yml] - 27:16
    Reason: java.lang.ClassNotFoundException: org.apache.log4j.Logger

Action:

Update your application's configuration

